D:\WORK\SOURCE_CODE\Diarion\Diarion.Tests\WishlistViewModelTests.cs(62,19): error CS1061: 'WishlistViewModel' does not contain a definition for 'NewWishText' and no accessible extension method 'NewWishText' accepting a first argument of type 'WishlistViewModel' could be found (are you missing a using directive or an assembly reference?) [D:\WORK\SOURCE_CODE\Diarion\Diarion.Tests\Diarion.Tests.csproj]
D:\WORK\SOURCE_CODE\Diarion\Diarion.Tests\WishlistViewModelTests.cs(75,19): error CS1061: 'WishlistViewModel' does not contain a definition for 'NewWishText' and no accessible extension method 'NewWishText' accepting a first argument of type 'WishlistViewModel' could be found (are you missing a using directive or an assembly reference?) [D:\WORK\SOURCE_CODE\Diarion\Diarion.Tests\Diarion.Tests.csproj]
D:\WORK\SOURCE_CODE\Diarion\Diarion.Tests\WishlistViewModelTests.cs(86,19): error CS1061: 'WishlistViewModel' does not contain a definition for 'NewWishText' and no accessible extension method 'NewWishText' accepting a first argument of type 'WishlistViewModel' could be found (are you missing a using directive or an assembly reference?) [D:\WORK\SOURCE_CODE\Diarion\Diarion.Tests\Diarion.Tests.csproj]
D:\WORK\SOURCE_CODE\Diarion\Diarion.Tests\WishlistViewModelTests.cs(87,19): error CS1061: 'WishlistViewModel' does not contain a definition for 'NewGetText' and no accessible extension method 'NewGetText' accepting a first argument of type 'WishlistViewModel' could be found (are you missing a using directive or an assembly reference?) [D:\WORK\SOURCE_CODE\Diarion\Diarion.Tests\Diarion.Tests.csproj]

Build FAILED.
    0 Warning(s)
    4 Error(s)

Time Elapsed 00:00:11.78
